// Jest Snapshot v1, https://goo.gl/fbAQLP

exports[`should render the AddExpensePage 1`] = `
<ExpenseForm
  submit={[Function]}
/>
`;
