// Jest Snapshot v1, https://goo.gl/fbAQLP

exports[`should render the Header 1`] = `
<header
  className="header"
>
  <div
    className="content-container"
  >
    <div
      className="header__content"
    >
      <Link
        className="header__title"
        replace={false}
        to="/dashboard"
      >
        <h1>
          Expensify
        </h1>
      </Link>
      <button
        className="button"
      >
        Log out
      </button>
    </div>
  </div>
</header>
`;
